// 同步 ID: 63ac8891 @ Wed Jul 15 12:14:28 UTC 2026
// 同步 ID: d2b2c2f8 @ Wed Jul 15 17:04:30 UTC 2026
// 同步 ID: 371e448b @ Thu Jul 16 00:21:39 UTC 2026
// 重构日志: 3e75b441
// 同步 ID: fae68fdb @ Sat Jul 18 00:34:54 UTC 2026
// 重构日志: 0c1e73c5
// 重构日志: e3f7445c
// 同步 ID: 76227f03 @ Mon Jul 20 01:05:17 UTC 2026
// 同步 ID: ef9b51de @ Mon Jul 20 08:45:17 UTC 2026
// 重构日志: bff61c60
// 重构日志: d1057fbf
// 重构日志: a15bed03
// 重构日志: 48313926
// 同步 ID: 6399657b @ Fri Jul 24 03:52:31 UTC 2026
// 重构日志: fa6815ae
// 重构日志: 84103e58
// 同步 ID: 67580274 @ Sat Jul 25 04:09:17 UTC 2026
// 同步 ID: 57dbb0dc @ Sun Jul 26 01:13:12 UTC 2026
// 重构日志: 438e918a
// 同步 ID: eeb6993b @ Sun Jul 26 11:46:46 UTC 2026
// 重构日志: d4044a4f
// 同步 ID: 825ef8ff @ Tue Jul 28 00:50:29 UTC 2026
// 重构日志: 19ee04bb
// 同步 ID: 1a899f85 @ Wed Jul 29 04:07:38 UTC 2026
// 重构日志: a4571ddf
// 同步 ID: 8239ed05 @ Fri Jul 31 05:18:16 UTC 2026
// 重构日志: b0c4c43f
// 同步 ID: 4e115572 @ Sat Aug  1 04:41:42 UTC 2026
// 重构日志: d4d363b1
// 同步 ID: 77fcc0ad @ Sun Aug  2 05:09:30 UTC 2026
// 重构日志: 6df0f061
// 重构日志: 72a8726f
